Calling module `pam_krb5.so'.
`Password: ' -> `foo'
AUTH	0	Success
ESTCRED	0	Success
OPENSESS	0	Success
FILE:$testdir/kdc/krb5_cc_$UID
CLOSESESS	0	Success
DELCRED	0	Success
kdc/krb5_cc_$UID
Calling module `pam_krb5.so'.
`Password: ' -> `foo'
AUTH	0	Success
REINITCRED	0	Success
FILE:$testdir/kdc/krb5_cc_$UID
kdc/krb5_cc_$UID
Calling module `pam_krb5.so'.
`Password: ' -> `foo'
AUTH	0	Success
ESTCRED	0	Success
OPENSESS	0	Success
DIR:$testdir/kdc/krb5cc
CLOSESESS	0	Success
DELCRED	0	Success
kdc/krb5cc
Calling module `pam_krb5.so'.
`Password: ' -> `foo'
AUTH	0	Success
REINITCRED	0	Success
DIR:$testdir/kdc/krb5cc
kdc/krb5cc
