
Succeed: correct password, expired, change.
Calling module `pam_krb5.so'.
`Password: ' -> `foo'
`WARNEXPIRED'
AUTH	0	Success
ACCT	12	Authentication token is no longer valid; new one required
`Kerberos 5 Password: ' -> `foo'
CHAUTHTOK1	0	Success
CHAUTHTOK2	0	Success
ESTCRED	0	Success
OPENSESS	0	Success
CLOSESESS	0	Success
DELCRED	0	Success
