
Obtaining creds:
Calling module `pam_krb5.so'.
`Password: ' -> `foo'
AUTH	0	Success
OPENSESS	0	Success
‘$testdir/kdc/krb5_cc_$UID_XXXXXX’ -> ‘$testdir/kdc/krb5cc_save’
CLOSESESS	0	Success

Using external creds:
Calling module `pam_krb5.so'.
OPENSESS	0	Success
pam_krb5_external_ccache=FILE:$testdir/kdc/krb5cc_save
FILE:$testdir/kdc/krb5cc_save
CLOSESESS	0	Success
