Calling module `pam_krb5.so'.
AUTH	7	Authentication failure

Calling module `pam_krb5.so'.
AUTH	0	Success
OPENSESS	0	Success
WELLKNOWN/ANONYMOUS@WELLKNOWN:ANONYMOUS
CLOSESESS	0	Success

Calling module `pam_krb5.so'.
AUTH	0	Success

Calling module `pam_krb5.so'.
`pam_krb5/tests/kdc/test-pw.p12: ' -> `'
`pam_krb5/tests/kdc/test-pw.p12: ' -> `'
`pam_krb5/tests/kdc/test-pw.p12: ' -> `'
AUTH	7	Authentication failure

Calling module `pam_krb5.so'.
AUTH	7	Authentication failure

Calling module `pam_krb5.so'.
`pam_krb5/tests/kdc/test-pw.p12: ' -> `p12eh'
AUTH	0	Success
