Calling module `pam_krb5.so'.
`Password: ' -> `foo'
AUTH	0	Success
ESTCRED	0	Success
OPENSESS	0	Success
FILE:$testdir/kdc/krb5_cc_$UID_XXXXXX
CLOSESESS	0	Success
DELCRED	0	Success
Calling module `pam_krb5.so'.
`Password: ' -> `foo'
AUTH	0	Success
ESTCRED	0	Success
OPENSESS	0	Success
DIR:$testdir/kdc/krb5_cc_$UID_XXXXXX
CLOSESESS	0	Success
DELCRED	0	Success
